\BOOKMARK [1][-]{Doc-Start}{\376\377\000\247\0001\000\040\000A\000l\000l\000m\000\344\000n\000t}{}% 1
\BOOKMARK [2][-]{section*.1}{\376\377\000\247\0001\000.\0001\000\040\000F\000\366\000r\000e\000n\000i\000n\000g\000e\000n}{Doc-Start}% 2
\BOOKMARK [2][-]{section*.1}{\376\377\000\247\0001\000.\0002\000\040\000S\000\344\000t\000e}{Doc-Start}% 3
\BOOKMARK [2][-]{section*.1}{\376\377\000\247\0001\000.\0003\000\040\000F\000\366\000r\000e\000t\000r\000\344\000d\000e}{Doc-Start}% 4
\BOOKMARK [2][-]{section*.1}{\376\377\000\247\0001\000.\0004\000\040\000O\000b\000u\000n\000d\000e\000n\000h\000e\000t}{Doc-Start}% 5
\BOOKMARK [2][-]{section*.1}{\376\377\000\247\0001\000.\0005\000\040\000S\000y\000f\000t\000e}{Doc-Start}% 6
\BOOKMARK [1][-]{Item.2}{\376\377\000\247\0002\000\040\000M\000e\000d\000l\000e\000m\000m\000a\000r}{}% 7
\BOOKMARK [2][-]{section*.2}{\376\377\000\247\0002\000.\0001\000\040\000M\000e\000d\000l\000e\000m\000s\000k\000a\000p}{Item.2}% 8
\BOOKMARK [2][-]{section*.2}{\376\377\000\247\0002\000.\0002\000\040\000R\000\344\000t\000t\000i\000g\000h\000e\000t\000e\000r}{Item.2}% 9
\BOOKMARK [2][-]{Item.6}{\376\377\000\247\0002\000.\0003\000\040\000S\000k\000y\000l\000d\000i\000g\000h\000e\000t\000e\000r}{Item.2}% 10
\BOOKMARK [1][-]{Item.6}{\376\377\000\247\0003\000\040\000O\000r\000g\000a\000n\000i\000s\000a\000t\000i\000o\000n}{}% 11
\BOOKMARK [2][-]{section*.3}{\376\377\000\247\0003\000.\0001\000\040\000V\000e\000r\000k\000s\000a\000m\000h\000e\000t}{Item.6}% 12
\BOOKMARK [2][-]{Item.8}{\376\377\000\247\0003\000.\0002\000\040\000V\000e\000r\000k\000s\000a\000m\000h\000e\000t\000s\000\345\000r}{Item.6}% 13
\BOOKMARK [1][-]{Item.8}{\376\377\000\247\0004\000\040\000M\000e\000d\000l\000e\000m\000s\000m\000\366\000t\000e}{}% 14
\BOOKMARK [2][-]{section*.4}{\376\377\000\247\0004\000.\0001\000\040\000B\000e\000f\000o\000g\000e\000n\000h\000e\000t}{Item.8}% 15
\BOOKMARK [2][-]{section*.4}{\376\377\000\247\0004\000.\0002\000\040\000S\000a\000m\000m\000a\000n\000s\000\344\000t\000t\000n\000i\000n\000g}{Item.8}% 16
\BOOKMARK [2][-]{section*.4}{\376\377\000\247\0004\000.\0003\000\040\000S\000a\000m\000m\000a\000n\000t\000r\000\344\000d\000e}{Item.8}% 17
\BOOKMARK [2][-]{section*.4}{\376\377\000\247\0004\000.\0004\000\040\000S\000a\000m\000m\000a\000n\000k\000a\000l\000l\000a\000n\000d\000e}{Item.8}% 18
\BOOKMARK [2][-]{Item.10}{\376\377\000\247\0004\000.\0005\000\040\000T\000i\000d\000p\000u\000n\000k\000t}{Item.8}% 19
\BOOKMARK [2][-]{Item.10}{\376\377\000\247\0004\000.\0006\000\040\000K\000a\000l\000l\000e\000l\000s\000e}{Item.8}% 20
\BOOKMARK [2][-]{Item.10}{\376\377\000\247\0004\000.\0007\000\040\000B\000e\000s\000l\000u\000t\000s\000m\000\344\000s\000s\000i\000g\000h\000e\000t}{Item.8}% 21
\BOOKMARK [2][-]{Item.13}{\376\377\000\247\0004\000.\0008\000\040\000R\000\366\000s\000t\000n\000i\000n\000g}{Item.8}% 22
\BOOKMARK [2][-]{Item.13}{\376\377\000\247\0004\000.\0009\000\040\000P\000e\000r\000s\000o\000n\000v\000a\000l}{Item.8}% 23
\BOOKMARK [2][-]{Item.13}{\376\377\000\247\0004\000.\0001\0000\000\040\000P\000r\000o\000t\000o\000k\000o\000l\000l}{Item.8}% 24
\BOOKMARK [2][-]{Item.13}{\376\377\000\247\0004\000.\0001\0001\000\040\000M\000o\000t\000i\000o\000n\000e\000r}{Item.8}% 25
\BOOKMARK [2][-]{Item.13}{\376\377\000\247\0004\000.\0001\0002\000\040\000\326\000v\000r\000i\000g\000a\000\040\000f\000r\000\345\000g\000o\000r}{Item.8}% 26
\BOOKMARK [2][-]{Item.13}{\376\377\000\247\0004\000.\0001\0003\000\040\000F\000\366\000r\000e\000g\000\345\000e\000n\000d\000e\000\040\000v\000e\000r\000k\000s\000a\000m\000h\000e\000t\000s\000\345\000r}{Item.8}% 27
\BOOKMARK [1][-]{Item.16}{\376\377\000\247\0005\000\040\000\305\000r\000s\000m\000\366\000t\000e}{}% 28
\BOOKMARK [2][-]{section*.5}{\376\377\000\247\0005\000.\0001\000\040\000T\000i\000d\000p\000u\000n\000k\000t}{Item.16}% 29
\BOOKMARK [2][-]{section*.5}{\376\377\000\247\0005\000.\0002\000\040\000\304\000r\000e\000n\000d\000e\000n}{Item.16}% 30
\BOOKMARK [2][-]{Item.18}{\376\377\000\247\0005\000.\0003\000\040\000E\000x\000t\000r\000a\000\040\000\345\000r\000s\000m\000\366\000t\000e}{Item.16}% 31
\BOOKMARK [1][-]{Item.18}{\376\377\000\247\0006\000\040\000S\000t\000y\000r\000e\000l\000s\000e\000n}{}% 32
\BOOKMARK [2][-]{section*.6}{\376\377\000\247\0006\000.\0001\000\040\000S\000a\000m\000m\000a\000n\000s\000\344\000t\000t\000n\000i\000n\000g}{Item.18}% 33
\BOOKMARK [2][-]{Item.22}{\376\377\000\247\0006\000.\0002\000\040\000M\000a\000n\000d\000a\000t\000p\000e\000r\000i\000o\000d}{Item.18}% 34
\BOOKMARK [2][-]{Item.22}{\376\377\000\247\0006\000.\0003\000\040\000S\000a\000m\000m\000a\000n\000t\000r\000\344\000d\000e\000n}{Item.18}% 35
\BOOKMARK [2][-]{Item.22}{\376\377\000\247\0006\000.\0004\000\040\000K\000a\000l\000l\000e\000l\000s\000e}{Item.18}% 36
\BOOKMARK [2][-]{Item.22}{\376\377\000\247\0006\000.\0005\000\040\000B\000e\000s\000l\000u\000t\000s\000m\000\344\000s\000s\000i\000g\000h\000e\000t}{Item.18}% 37
\BOOKMARK [1][-]{Item.22}{\376\377\000\247\0007\000\040\000V\000a\000l}{}% 38
\BOOKMARK [2][-]{section*.7}{\376\377\000\247\0007\000.\0001\000\040\000V\000a\000l\000p\000e\000r\000i\000o\000d}{Item.22}% 39
\BOOKMARK [2][-]{Item.28}{\376\377\000\247\0007\000.\0002\000\040\000B\000r\000y\000g\000g\000m\000\344\000s\000t\000a\000r\000e\000\040\000\050\000u\000t\000s\000k\000o\000t\000t\000s\000o\000r\000d\000f\000\366\000r\000a\000n\000d\000e\000\051}{Item.22}% 40
\BOOKMARK [2][-]{Item.28}{\376\377\000\247\0007\000.\0003\000\040\000V\000a\000k\000a\000n\000s}{Item.22}% 41
\BOOKMARK [2][-]{Item.28}{\376\377\000\247\0007\000.\0004\000\040\000V\000a\000l\000b\000e\000r\000e\000d\000n\000i\000n\000g\000e\000n}{Item.22}% 42
\BOOKMARK [2][-]{Item.28}{\376\377\000\247\0007\000.\0005\000\040\000U\000p\000p\000g\000i\000f\000t}{Item.22}% 43
\BOOKMARK [2][-]{Item.28}{\376\377\000\247\0007\000.\0006\000\040\000V\000a\000l\000b\000a\000r\000h\000e\000t}{Item.22}% 44
\BOOKMARK [2][-]{Item.28}{\376\377\000\247\0007\000.\0007\000\040\000F\000\366\000r\000s\000l\000a\000g}{Item.22}% 45
\BOOKMARK [2][-]{Item.28}{\376\377\000\247\0007\000.\0008\000\040\000M\000o\000t\000n\000o\000m\000i\000n\000e\000r\000i\000n\000g\000a\000r}{Item.22}% 46
\BOOKMARK [2][-]{Item.28}{\376\377\000\247\0007\000.\0009\000\040\000V\000a\000l\000b\000e\000r\000e\000d\000n\000i\000n\000g\000\040\000a\000v\000\040\000v\000a\000l\000b\000e\000r\000e\000d\000n\000i\000n\000g}{Item.22}% 47
\BOOKMARK [1][-]{Item.28}{\376\377\000\247\0008\000\040\000S\000t\000a\000d\000g\000e\000-\000\040\000o\000c\000h\000\040\000r\000e\000g\000l\000e\000m\000e\000n\000t\000s\000\344\000n\000d\000r\000i\000n\000g}{}% 48
\BOOKMARK [2][-]{section*.8}{\376\377\000\247\0008\000.\0001\000\040\000S\000t\000a\000d\000g\000e\000\344\000n\000d\000r\000i\000n\000g}{Item.28}% 49
\BOOKMARK [2][-]{section*.8}{\376\377\000\247\0008\000.\0002\000\040\000R\000e\000g\000l\000e\000m\000e\000n\000t\000s\000\344\000n\000d\000r\000i\000n\000g}{Item.28}% 50
