INFO:  latexindent.pl version 4.0.2, 2026-06-06, a script to indent .tex files
       latexindent.pl lives here: C:/Users/davve/AppData/Local/Programs/MiKTeX/scripts/latexindent/
       Tue Oct  6 21:33:23 2026
       Filename: sections/00-abstract.tex
INFO:  Processing switches:
       -s|--silent: Silent mode active (you have used either -s or --silent)
       -w|--overwrite: Overwrite mode active, will make a back up before overwriting
       -m|--modifylinebreaks: modify line breaks
INFO:  Directory for backup files and log file indent.log:
       sections
INFO:  Perl modules are being loaded from the following directories:
       C:/Strawberry/perl/lib/FindBin.pm
       C:/Strawberry/perl/vendor/lib/YAML/Tiny.pm
       C:/Strawberry/perl/lib/File/Copy.pm
       C:/Strawberry/perl/lib/File/Basename.pm
       C:/Strawberry/perl/lib/Getopt/Long.pm
       C:/Strawberry/perl/vendor/lib/File/HomeDir.pm
INFO:  LatexIndent perl modules are being loaded from, for example:
       C:/Users/davve/AppData/Local/Programs/MiKTeX/scripts/latexindent/LatexIndent/Document.pm
INFO:  YAML settings read: defaultSettings.yaml
       Reading defaultSettings.yaml from C:/Users/davve/AppData/Local/Programs/MiKTeX/scripts/latexindent/defaultSettings.yaml
INFO:  YAML reading settings
       Home directory is C:\Users\davve\AppData\Roaming\SPB_Data
       latexindent.pl didn't find indentconfig.yaml or .indentconfig.yaml
       see all possible locations: https://latexindentpl.readthedocs.io/en/latest/sec-appendices.html#indentconfig-options
INFO:  Backup procedure (-w flag active):
       sections\00-abstract.bak0 already exists, incrementing by 1 (see maxNumberOfBackUps)
       Backing up sections/00-abstract.tex to sections\00-abstract.bak1...
       sections/00-abstract.tex will be overwritten after indentation
INFO:  Output routine:
       Overwriting file sections/00-abstract.tex
       --------------
INFO:  Please direct all communication/issues to:
       https://github.com/cmhughes/latexindent.pl
       documentation: https://latexindentpl.readthedocs.io/en/latest/
